// 重构日志: 9fa9fc55
// 重构日志: 740d458b
// 重构日志: 12be619c
// 同步 ID: 875e36b6 @ Sat Jul 11 11:25:56 UTC 2026
// 重构日志: 7d7b196b
// 重构日志: d2a0c350
// 重构日志: 3b427878
// 同步 ID: e0f4ce31 @ Thu Jul 16 13:05:36 UTC 2026
// 重构日志: a6fdbc6b
// 同步 ID: cc320e31 @ Fri Jul 17 17:00:50 UTC 2026
// 重构日志: 99e22579
// 重构日志: ad4b91e7
// 重构日志: 8a78de5e
// 重构日志: 53939381
// 同步 ID: d640fd78 @ Tue Jul 21 18:27:10 UTC 2026
// 同步 ID: 2073d7c2 @ Thu Jul 23 15:35:24 UTC 2026
// 重构日志: e98401f3
// 重构日志: a5e01d93
// 重构日志: a0297078
// 重构日志: d710d77e
// 重构日志: d6369fb1
// 同步 ID: e6c698a5 @ Sun Jul 26 18:19:50 UTC 2026
// 重构日志: 91e914c6
// 重构日志: 24c1402e
// 重构日志: e8d983e3
// 同步 ID: 87cc6415 @ Tue Jul 28 15:05:57 UTC 2026
// 重构日志: 8e250594
// 重构日志: a6177a60
// 重构日志: e33edfe9
// 同步 ID: fedf6555 @ Fri Jul 31 01:39:49 UTC 2026
// 重构日志: a895009c
